[INFO] [1788593321.424449439] [mtc_simulation_ground_truth]: Ground truth and position-gated split latch enabled; no pose teleportation
[1;32m[Msg] [0m[1;32mGazebo Sim Server v[0m[1;32m8.12.0[0m[1;32m[0m
[1;32m[Msg] [0m[1;32mLoading SDF world file[[0m[1;32m/home/chang/meituan_challenge/src/mtc_simulation/worlds/sequence.sdf[0m[1;32m].[0m
[1;32m[Msg] [0m[1;32mServing entity system service on [[0m[1;32m/[0m[1;32mentity/system/add[0m[1;32m][0m[1;32m[0m
[1;32m[Msg] [0m[1;32mCreate[0m[1;32m service on [[0m[1;32m/world/mtc/create_multiple[0m[1;32m] (async)[0m[1;32m[0m
[1;32m[Msg] [0m[1;32mCreate[0m[1;32m service on [[0m[1;32m/world/mtc/create_multiple/blocking[0m[1;32m] (blocking)[0m[1;32m[0m
[1;32m[Msg] [0m[1;32mRemove[0m[1;32m service on [[0m[1;32m/world/mtc/remove[0m[1;32m] (async)[0m[1;32m[0m
[1;32m[Msg] [0m[1;32mRemove[0m[1;32m service on [[0m[1;32m/world/mtc/remove/blocking[0m[1;32m] (blocking)[0m[1;32m[0m
[1;32m[Msg] [0m[1;32mPose[0m[1;32m service on [[0m[1;32m/world/mtc/set_pose[0m[1;32m] (async)[0m[1;32m[0m
[1;32m[Msg] [0m[1;32mPose[0m[1;32m service on [[0m[1;32m/world/mtc/set_pose/blocking[0m[1;32m] (blocking)[0m[1;32m[0m
[1;32m[Msg] [0m[1;32mPose[0m[1;32m service on [[0m[1;32m/world/mtc/set_pose_vector[0m[1;32m] (async)[0m[1;32m[0m
[1;32m[Msg] [0m[1;32mPose[0m[1;32m service on [[0m[1;32m/world/mtc/set_pose_vector/blocking[0m[1;32m] (blocking)[0m[1;32m[0m
[1;32m[Msg] [0m[1;32mLight configuration[0m[1;32m service on [[0m[1;32m/world/mtc/light_config[0m[1;32m] (async)[0m[1;32m[0m
[1;32m[Msg] [0m[1;32mLight configuration[0m[1;32m service on [[0m[1;32m/world/mtc/light_config/blocking[0m[1;32m] (blocking)[0m[1;32m[0m
[1;32m[Msg] [0m[1;32mPhysics[0m[1;32m service on [[0m[1;32m/world/mtc/set_physics[0m[1;32m] (async)[0m[1;32m[0m
[1;32m[Msg] [0m[1;32mPhysics[0m[1;32m service on [[0m[1;32m/world/mtc/set_physics/blocking[0m[1;32m] (blocking)[0m[1;32m[0m
[1;32m[Msg] [0m[1;32mSphericalCoordinates[0m[1;32m service on [[0m[1;32m/world/mtc/set_spherical_coordinates[0m[1;32m] (async)[0m[1;32m[0m
[1;32m[Msg] [0m[1;32mSphericalCoordinates[0m[1;32m service on [[0m[1;32m/world/mtc/set_spherical_coordinates/blocking[0m[1;32m] (blocking)[0m[1;32m[0m
[1;32m[Msg] [0m[1;32mEnable collision[0m[1;32m service on [[0m[1;32m/world/mtc/enable_collision[0m[1;32m] (async)[0m[1;32m[0m
[1;32m[Msg] [0m[1;32mEnable collision[0m[1;32m service on [[0m[1;32m/world/mtc/enable_collision/blocking[0m[1;32m] (blocking)[0m[1;32m[0m
[1;32m[Msg] [0m[1;32mDisable collision[0m[1;32m service on [[0m[1;32m/world/mtc/disable_collision[0m[1;32m] (async)[0m[1;32m[0m
[1;32m[Msg] [0m[1;32mDisable collision[0m[1;32m service on [[0m[1;32m/world/mtc/disable_collision/blocking[0m[1;32m] (blocking)[0m[1;32m[0m
[1;32m[Msg] [0m[1;32mMaterial[0m[1;32m service on [[0m[1;32m/world/mtc/visual_config[0m[1;32m] (async)[0m[1;32m[0m
[1;32m[Msg] [0m[1;32mMaterial[0m[1;32m service on [[0m[1;32m/world/mtc/visual_config/blocking[0m[1;32m] (blocking)[0m[1;32m[0m
[1;32m[Msg] [0m[1;32mMaterial[0m[1;32m service on [[0m[1;32m/world/mtc/wheel_slip[0m[1;32m] (async)[0m[1;32m[0m
[1;32m[Msg] [0m[1;32mMaterial[0m[1;32m service on [[0m[1;32m/world/mtc/wheel_slip/blocking[0m[1;32m] (blocking)[0m[1;32m[0m
[1;32m[Msg] [0m[1;32mLoaded level [[0m[1;32mdefault[0m[1;32m][0m[1;32m[0m
[1;32m[Msg] [0m[1;32mServing world controls on [[0m[1;32m/world/mtc[0m[1;32m/control], [[0m[1;32m/world/mtc[0m[1;32m/control/state] and [[0m[1;32m/world/mtc[0m[1;32m/playback/control][0m[1;32m[0m
[1;32m[Msg] [0m[1;32mServing GUI information on [[0m[1;32m/world/mtc[0m[1;32m/[0m[1;32mgui/info[0m[1;32m][0m[1;32m[0m
[1;32m[Msg] [0m[1;32mWorld [[0m[1;32mmtc[0m[1;32m] initialized with [[0m[1;32m1ms[0m[1;32m] physics profile.[0m[1;32m[0m
[1;32m[Msg] [0m[1;32mServing world SDF generation service on [[0m[1;32m/world/mtc[0m[1;32m/[0m[1;32mgenerate_world_sdf[0m[1;32m][0m[1;32m[0m
[1;32m[Msg] [0m[1;32mServing world names on [[0m[1;32m/gazebo/worlds[0m[1;32m][0m[1;32m[0m
[1;32m[Msg] [0m[1;32mResource path add service on [[0m[1;32m/gazebo/resource_paths/add[0m[1;32m].[0m[1;32m[0m
[1;32m[Msg] [0m[1;32mResource path get service on [[0m[1;32m/gazebo/resource_paths/get[0m[1;32m].[0m[1;32m[0m
[1;32m[Msg] [0m[1;32mResource path resolve service on [[0m[1;32m/gazebo/resource_paths/resolve[0m[1;32m].[0m[1;32m[0m
[1;32m[Msg] [0m[1;32mResource paths published on [[0m[1;32m/gazebo/resource_paths[0m[1;32m].[0m[1;32m[0m
[1;32m[Msg] [0m[1;32mServer control service on [[0m[1;32m/server_control[0m[1;32m].[0m[1;32m[0m
[1;32m[Msg] [0m[1;32mFound no publishers on /stats, adding root stats topic[0m[1;32m[0m
[1;32m[Msg] [0m[1;32mFound no publishers on /clock, adding root clock topic[0m[1;32m[0m
[1;33mWarning [Utils.cc:132][0m [/sdf/model[@name="mtc_s3"]/link[@name="wrist3_Link"]/sensor[@name="wrist_rgbd"]/gz_frame_id:/home/chang/meituan_challenge/src/mtc_description/urdf/s3_latch_resolved.urdf:L0]: XML Element[gz_frame_id], child of element[sensor], not defined in SDF. Copying[gz_frame_id] as children of [sensor].
[1;33mWarning [Utils.cc:132][0m [/sdf/model[@name="mtc_s3"]/link[@name="wrist3_Link"]/sensor[@name="wrist_imu"]/gz_frame_id:/home/chang/meituan_challenge/src/mtc_description/urdf/s3_latch_resolved.urdf:L0]: XML Element[gz_frame_id], child of element[sensor], not defined in SDF. Copying[gz_frame_id] as children of [sensor].
[INFO] [1788593323.201606773] [GazeboSimROS2ControlPlugin]: robot_param_node is robot_state_publisher
[INFO] [1788593323.201647593] [GazeboSimROS2ControlPlugin]: robot_param_node is robot_description
[INFO] [1788593323.206937697] [gz_ros2_control]: connected to service!! robot_state_publisher asking for robot_description
[INFO] [1788593323.411189208] [gz_ros2_control]: Received URDF from param server
[INFO] [1788593323.412568826] [gz_ros2_control]: [gz_ros2_control] Fixed joint ['world_joint'] (Entity='129') is skipped.
[INFO] [1788593323.412609470] [gz_ros2_control]: [gz_ros2_control] Fixed joint ['tcp_joint'] (Entity='138') is skipped.
[INFO] [1788593323.416701235] [gz_ros2_control]: The position_proportional_gain has been set to: 0.1
[INFO] [1788593323.416769322] [gz_ros2_control]: Loading joint: shoulder_joint
[INFO] [1788593323.416783792] [gz_ros2_control]: 	State:
[INFO] [1788593323.416792903] [gz_ros2_control]: 		 position
[INFO] [1788593323.416804211] [gz_ros2_control]: 			 found initial value: 0.000000
[INFO] [1788593323.416812815] [gz_ros2_control]: 		 velocity
[INFO] [1788593323.416819505] [gz_ros2_control]: 		 effort
[INFO] [1788593323.416828277] [gz_ros2_control]: 	Command:
[INFO] [1788593323.416834017] [gz_ros2_control]: 		 effort
[INFO] [1788593323.416862725] [gz_ros2_control]: Loading joint: upperArm_joint
[INFO] [1788593323.416869988] [gz_ros2_control]: 	State:
[INFO] [1788593323.416875958] [gz_ros2_control]: 		 position
[INFO] [1788593323.416882275] [gz_ros2_control]: 			 found initial value: 0.350000
[INFO] [1788593323.416889139] [gz_ros2_control]: 		 velocity
[INFO] [1788593323.416895362] [gz_ros2_control]: 		 effort
[INFO] [1788593323.416901392] [gz_ros2_control]: 	Command:
[INFO] [1788593323.416907103] [gz_ros2_control]: 		 effort
[INFO] [1788593323.416917738] [gz_ros2_control]: Loading joint: foreArm_joint
[INFO] [1788593323.416924028] [gz_ros2_control]: 	State:
[INFO] [1788593323.416929790] [gz_ros2_control]: 		 position
[INFO] [1788593323.416935514] [gz_ros2_control]: 			 found initial value: 1.300000
[INFO] [1788593323.416941818] [gz_ros2_control]: 		 velocity
[INFO] [1788593323.416947520] [gz_ros2_control]: 		 effort
[INFO] [1788593323.416953807] [gz_ros2_control]: 	Command:
[INFO] [1788593323.416959755] [gz_ros2_control]: 		 effort
[INFO] [1788593323.416969520] [gz_ros2_control]: Loading joint: wrist1_joint
[INFO] [1788593323.416975683] [gz_ros2_control]: 	State:
[INFO] [1788593323.416981326] [gz_ros2_control]: 		 position
[INFO] [1788593323.417049997] [gz_ros2_control]: 			 found initial value: -0.350000
[INFO] [1788593323.417060008] [gz_ros2_control]: 		 velocity
[INFO] [1788593323.417143718] [gz_ros2_control]: 		 effort
[INFO] [1788593323.417169295] [gz_ros2_control]: 	Command:
[INFO] [1788593323.417175868] [gz_ros2_control]: 		 effort
[INFO] [1788593323.417199485] [gz_ros2_control]: Loading joint: wrist2_joint
[INFO] [1788593323.417206494] [gz_ros2_control]: 	State:
[INFO] [1788593323.417211904] [gz_ros2_control]: 		 position
[INFO] [1788593323.417218227] [gz_ros2_control]: 			 found initial value: 1.570000
[INFO] [1788593323.417226366] [gz_ros2_control]: 		 velocity
[INFO] [1788593323.417231306] [gz_ros2_control]: 		 effort
[INFO] [1788593323.417236193] [gz_ros2_control]: 	Command:
[INFO] [1788593323.417241030] [gz_ros2_control]: 		 effort
[INFO] [1788593323.417250846] [gz_ros2_control]: Loading joint: wrist3_joint
[INFO] [1788593323.417256304] [gz_ros2_control]: 	State:
[INFO] [1788593323.417261198] [gz_ros2_control]: 		 position
[INFO] [1788593323.417266150] [gz_ros2_control]: 			 found initial value: 0.000000
[INFO] [1788593323.417461598] [gz_ros2_control]: 		 velocity
[INFO] [1788593323.417487863] [gz_ros2_control]: 		 effort
[INFO] [1788593323.417495817] [gz_ros2_control]: 	Command:
[INFO] [1788593323.417501780] [gz_ros2_control]: 		 effort
[INFO] [1788593323.417520592] [gz_ros2_control]: Loading joint: latch_left_joint
[INFO] [1788593323.417527263] [gz_ros2_control]: 	State:
[INFO] [1788593323.417549344] [gz_ros2_control]: 		 position
[INFO] [1788593323.417555689] [gz_ros2_control]: 			 found initial value: 0.022000
[INFO] [1788593323.417562810] [gz_ros2_control]: 		 velocity
[INFO] [1788593323.417567824] [gz_ros2_control]: 		 effort
[INFO] [1788593323.417572573] [gz_ros2_control]: 	Command:
[INFO] [1788593323.417577275] [gz_ros2_control]: 		 position
[INFO] [1788593323.417586913] [gz_ros2_control]: Loading joint: latch_right_joint
[INFO] [1788593323.417592365] [gz_ros2_control]: 	State:
[INFO] [1788593323.417597221] [gz_ros2_control]: 		 position
[INFO] [1788593323.417601810] [gz_ros2_control]: 			 found initial value: 0.022000
[INFO] [1788593323.417608305] [gz_ros2_control]: 		 velocity
[INFO] [1788593323.417613136] [gz_ros2_control]: 		 effort
[INFO] [1788593323.417617888] [gz_ros2_control]: 	Command:
[INFO] [1788593323.417622678] [gz_ros2_control]: 		 position
[INFO] [1788593323.417702721] [gz_ros2_control]: Loading sensor: wrist_imu
[INFO] [1788593323.417709258] [gz_ros2_control]: 	State:
[WARN] [1788593323.417716879] [gz_ros2_control]: IMU sensor 'wrist_imu' not found in hardware_info, skipping.
[INFO] [1788593323.417751515] [resource_manager]: Initialize hardware 'S3GazeboSystem' 
[INFO] [1788593323.417801196] [resource_manager]: Successful initialization of hardware 'S3GazeboSystem'
[INFO] [1788593323.417834872] [resource_manager]: 'configure' hardware 'S3GazeboSystem' 
[INFO] [1788593323.417838656] [gz_ros2_control]: System Successfully configured!
[INFO] [1788593323.417847227] [resource_manager]: Successful 'configure' of hardware 'S3GazeboSystem'
[INFO] [1788593323.417854280] [resource_manager]: 'activate' hardware 'S3GazeboSystem' 
[INFO] [1788593323.417860355] [resource_manager]: Successful 'activate' of hardware 'S3GazeboSystem'
[INFO] [1788593323.417865138] [gz_ros2_control]: Loading controller_manager
[WARN] [1788593323.455637060] [gz_ros2_control]:  Desired controller update period (0.002 s) is slower than the gazebo simulation period (0.001 s).
[INFO] [1788593323.603065409] [controller_manager]: Loading controller 'joint_state_broadcaster'
[INFO] [1788593323.611081830] [controller_manager]: Configuring controller 'joint_state_broadcaster'
[INFO] [1788593323.611212467] [joint_state_broadcaster]: 'joints' or 'interfaces' parameter is empty. All available state interfaces will be published
[1;33m[Wrn] [Ogre2Camera.cc:423] [0m[1;33mOgre2Camera::SetVisibilityMask: Mask bits [0m[1;33mc0000000[0m[1;33m are set but will be ignored as they conflict with the [0m[1;33mreserved bits used internally by the ogre2 backend.[0m[1;33m[0m
[INFO] [1788593327.245824495] [controller_manager]: Loading controller 'arm_controller'
[WARN] [1788593327.256783378] [arm_controller]: [Deprecated]: "allow_nonzero_velocity_at_trajectory_end" is set to true. The default behavior will change to false.
[INFO] [1788593327.265089934] [controller_manager]: Configuring controller 'arm_controller'
[INFO] [1788593327.265264864] [arm_controller]: No specific joint names are used for command interfaces. Using 'joints' parameter.
[WARN] [1788593327.265338891] [arm_controller]: 'ff_velocity_scale' parameters is not defined under 'gains.<joint_name>.' structure. Maybe you are using deprecated format 'ff_velocity_scale/<joint_name>'!
[WARN] [1788593327.265474439] [arm_controller]: 'ff_velocity_scale' parameters is not defined under 'gains.<joint_name>.' structure. Maybe you are using deprecated format 'ff_velocity_scale/<joint_name>'!
[WARN] [1788593327.265536245] [arm_controller]: 'ff_velocity_scale' parameters is not defined under 'gains.<joint_name>.' structure. Maybe you are using deprecated format 'ff_velocity_scale/<joint_name>'!
[WARN] [1788593327.265590616] [arm_controller]: 'ff_velocity_scale' parameters is not defined under 'gains.<joint_name>.' structure. Maybe you are using deprecated format 'ff_velocity_scale/<joint_name>'!
[WARN] [1788593327.265674355] [arm_controller]: 'ff_velocity_scale' parameters is not defined under 'gains.<joint_name>.' structure. Maybe you are using deprecated format 'ff_velocity_scale/<joint_name>'!
[WARN] [1788593327.265758604] [arm_controller]: 'ff_velocity_scale' parameters is not defined under 'gains.<joint_name>.' structure. Maybe you are using deprecated format 'ff_velocity_scale/<joint_name>'!
[INFO] [1788593327.265877184] [arm_controller]: Command interfaces are [effort] and state interfaces are [position velocity].
[INFO] [1788593327.265943178] [arm_controller]: Using 'splines' interpolation method.
[INFO] [1788593327.266534201] [arm_controller]: Controller state will be published at 100.00 Hz.
[INFO] [1788593327.268184270] [arm_controller]: Action status changes will be monitored at 25.00 Hz.
[INFO] [1788593327.446911547] [controller_manager]: Loading controller 'latch_controller'
[WARN] [1788593327.450882625] [latch_controller]: [Deprecated]: "allow_nonzero_velocity_at_trajectory_end" is set to true. The default behavior will change to false.
[INFO] [1788593327.459472546] [controller_manager]: Configuring controller 'latch_controller'
[INFO] [1788593327.459582828] [latch_controller]: No specific joint names are used for command interfaces. Using 'joints' parameter.
[INFO] [1788593327.459600640] [latch_controller]: Command interfaces are [position] and state interfaces are [position velocity].
[INFO] [1788593327.459610636] [latch_controller]: Using 'splines' interpolation method.
[INFO] [1788593327.459840338] [latch_controller]: Controller state will be published at 50.00 Hz.
[INFO] [1788593327.461377584] [latch_controller]: Action status changes will be monitored at 20.00 Hz.
[1;32m[Msg] [0m[1;32mLoading plugin [[0m[1;32mgz-rendering-ogre2[0m[1;32m][0m[1;32m[0m
[1;32m[Msg] [0m[1;32mServing scene information on [[0m[1;32m/world/mtc[0m[1;32m/[0m[1;32mscene/info[0m[1;32m][0m[1;32m[0m
[1;32m[Msg] [0m[1;32mServing graph information on [[0m[1;32m/world/mtc[0m[1;32m/[0m[1;32mscene/graph[0m[1;32m][0m[1;32m[0m
[1;32m[Msg] [0m[1;32mServing full state on [[0m[1;32m/world/mtc[0m[1;32m/[0m[1;32mstate[0m[1;32m][0m[1;32m[0m
[1;32m[Msg] [0m[1;32mServing full state (async) on [[0m[1;32m/world/mtc[0m[1;32m/[0m[1;32mstate_async[0m[1;32m][0m[1;32m[0m
[1;32m[Msg] [0m[1;32mPublishing scene information on [[0m[1;32m/world/mtc/scene/info[0m[1;32m][0m[1;32m[0m
[1;32m[Msg] [0m[1;32mPublishing entity deletions on [[0m[1;32m/world/mtc/scene/deletion[0m[1;32m][0m[1;32m[0m
[1;32m[Msg] [0m[1;32mPublishing state changes on [[0m[1;32m/world/mtc/state[0m[1;32m][0m[1;32m[0m
[1;32m[Msg] [0m[1;32mPublishing pose messages on [[0m[1;32m/world/mtc[0m[1;32m/[0m[1;32mpose/info[0m[1;32m][0m[1;32m[0m
[1;32m[Msg] [0m[1;32mPublishing dynamic pose messages on [[0m[1;32m/world/mtc[0m[1;32m/[0m[1;32mdynamic_pose/info[0m[1;32m][0m[1;32m[0m
[INFO] [1788593338.328731416] [arm_controller]: Received new action goal
[INFO] [1788593338.328851364] [arm_controller]: Accepted new action goal
[INFO] [1788593351.257853278] [arm_controller]: Goal reached, success!
[INFO] [1788593353.186690197] [arm_controller]: Received new action goal
[INFO] [1788593353.186793790] [arm_controller]: Accepted new action goal
[INFO] [1788593364.614339830] [arm_controller]: Goal reached, success!
[INFO] [1788593365.575100584] [latch_controller]: Received new action goal
[INFO] [1788593365.575251698] [latch_controller]: Accepted new action goal
[INFO] [1788593372.016050323] [latch_controller]: Goal reached, success!
[INFO] [1788593373.839456165] [mtc_simulation_ground_truth]: Mechanical lock engaged at measured relative pose
[INFO] [1788593375.998951904] [arm_controller]: Received new action goal
[INFO] [1788593375.999029465] [arm_controller]: Accepted new action goal
[INFO] [1788593386.869814819] [arm_controller]: Goal reached, success!
[INFO] [1788593390.213366395] [arm_controller]: Received new action goal
[INFO] [1788593390.213459482] [arm_controller]: Accepted new action goal
[INFO] [1788593402.670935763] [arm_controller]: Goal reached, success!
[INFO] [1788593405.035949083] [arm_controller]: Received new action goal
[INFO] [1788593405.036033420] [arm_controller]: Accepted new action goal
[INFO] [1788593417.901892423] [arm_controller]: Goal reached, success!
[INFO] [1788593418.854944182] [mtc_simulation_ground_truth]: Lock released; object remains under gravity and contact dynamics
[INFO] [1788593419.510664921] [latch_controller]: Received new action goal
[INFO] [1788593419.510739181] [latch_controller]: Accepted new action goal
[INFO] [1788593425.896601680] [latch_controller]: Goal reached, success!
[INFO] [1788593428.422855240] [arm_controller]: Received new action goal
[INFO] [1788593428.422936939] [arm_controller]: Accepted new action goal
[INFO] [1788593439.582881575] [arm_controller]: Goal reached, success!
[INFO] [1788593475.834999956] [arm_controller]: Received new action goal
[INFO] [1788593475.835089872] [arm_controller]: Accepted new action goal
[INFO] [1788593486.162663465] [arm_controller]: Goal reached, success!
[INFO] [1788593488.052962890] [arm_controller]: Received new action goal
[INFO] [1788593488.053040941] [arm_controller]: Accepted new action goal
[INFO] [1788593498.360019873] [arm_controller]: Goal reached, success!
[INFO] [1788593499.536777218] [latch_controller]: Received new action goal
[INFO] [1788593499.536844575] [latch_controller]: Accepted new action goal
[INFO] [1788593505.995820836] [latch_controller]: Goal reached, success!
[INFO] [1788593507.810652424] [mtc_simulation_ground_truth]: Mechanical lock engaged at measured relative pose
[INFO] [1788593510.739059433] [arm_controller]: Received new action goal
[INFO] [1788593510.739138852] [arm_controller]: Accepted new action goal
[INFO] [1788593521.758463073] [arm_controller]: Goal reached, success!
[INFO] [1788593524.823762335] [arm_controller]: Received new action goal
[INFO] [1788593524.823848847] [arm_controller]: Accepted new action goal
[INFO] [1788593540.348990591] [arm_controller]: Goal reached, success!
[INFO] [1788593543.820643471] [arm_controller]: Received new action goal
[INFO] [1788593543.820730560] [arm_controller]: Accepted new action goal
[INFO] [1788593554.385371748] [arm_controller]: Goal reached, success!
[INFO] [1788593555.914147395] [mtc_simulation_ground_truth]: Lock released; object remains under gravity and contact dynamics
[INFO] [1788593556.259654861] [latch_controller]: Received new action goal
[INFO] [1788593556.259716758] [latch_controller]: Accepted new action goal
[INFO] [1788593562.587015490] [latch_controller]: Goal reached, success!
[INFO] [1788593565.465824421] [arm_controller]: Received new action goal
[INFO] [1788593565.465928152] [arm_controller]: Accepted new action goal
[INFO] [1788593577.419367034] [arm_controller]: Goal reached, success!
[INFO] [1788593613.672067190] [arm_controller]: Received new action goal
[INFO] [1788593613.672168632] [arm_controller]: Accepted new action goal
[INFO] [1788593625.903564521] [arm_controller]: Goal reached, success!
[INFO] [1788593627.913616431] [arm_controller]: Received new action goal
[INFO] [1788593627.913713590] [arm_controller]: Accepted new action goal
[INFO] [1788593638.440687089] [arm_controller]: Goal reached, success!
[INFO] [1788593639.643871278] [latch_controller]: Received new action goal
[INFO] [1788593639.643944828] [latch_controller]: Accepted new action goal
[INFO] [1788593647.175997060] [latch_controller]: Goal reached, success!
[INFO] [1788593649.011968854] [mtc_simulation_ground_truth]: Mechanical lock engaged at measured relative pose
[INFO] [1788593651.353700385] [arm_controller]: Received new action goal
[INFO] [1788593651.353786006] [arm_controller]: Accepted new action goal
[INFO] [1788593662.167195888] [arm_controller]: Goal reached, success!
[INFO] [1788593665.804354642] [arm_controller]: Received new action goal
[INFO] [1788593665.804436895] [arm_controller]: Accepted new action goal
[INFO] [1788593680.317213419] [arm_controller]: Goal reached, success!
[INFO] [1788593682.503875383] [arm_controller]: Received new action goal
[INFO] [1788593682.503949893] [arm_controller]: Accepted new action goal
[INFO] [1788593694.123391938] [arm_controller]: Goal reached, success!
[INFO] [1788593695.142668535] [mtc_simulation_ground_truth]: Lock released; object remains under gravity and contact dynamics
[INFO] [1788593695.692083007] [latch_controller]: Received new action goal
[INFO] [1788593695.692163386] [latch_controller]: Accepted new action goal
[INFO] [1788593702.146849460] [latch_controller]: Goal reached, success!
[INFO] [1788593705.043919358] [arm_controller]: Received new action goal
[INFO] [1788593705.044006396] [arm_controller]: Accepted new action goal
[INFO] [1788593717.861196275] [arm_controller]: Goal reached, success!
[WARN] [1788593760.311991486] [mtc_simulation_ground_truth]: Close both latch halves before engagement
