[INFO] [1788593328.147177911] [moveit_rdf_loader.rdf_loader]: Loaded robot model in 0 seconds
[INFO] [1788593328.147262974] [moveit_robot_model.robot_model]: Loading robot model 'mtc_s3'...
[INFO] [1788593328.147270183] [moveit_robot_model.robot_model]: No root/virtual joint specified in SRDF. Assuming fixed joint
[INFO] [1788593328.163280750] [moveit.ros_planning.planning_pipeline]: Using planning interface 'OMPL'
[INFO] [1788593328.179397667] [mtc_motion_planner]: S3 planner ready: multi-seed IK, Ruckig, quintic B-spline, RRT-Connect fallback, full-tree dynamics and FCL
[INFO] [1788593338.108870788] [mtc_motion_planner]: Plan PASS: VALIDATED, compute 1.534s, execution 1.225s
[INFO] [1788593352.965639979] [mtc_motion_planner]: Plan PASS: VALIDATED, compute 0.783s, execution 0.990s
[INFO] [1788593375.782391450] [mtc_motion_planner]: Plan PASS: VALIDATED, compute 1.399s, execution 1.028s
[INFO] [1788593389.978538106] [mtc_motion_planner]: Plan PASS: VALIDATED, compute 1.882s, execution 1.172s
[INFO] [1788593404.804526521] [mtc_motion_planner]: Plan PASS: VALIDATED, compute 0.936s, execution 1.026s
[INFO] [1788593428.207877040] [mtc_motion_planner]: Plan PASS: VALIDATED, compute 0.823s, execution 1.027s
[INFO] [1788593474.512097749] [mtc_motion_planner]: Plan PASS: VALIDATED, compute 1.173s, execution 0.986s
[INFO] [1788593487.835933209] [mtc_motion_planner]: Plan PASS: VALIDATED, compute 0.752s, execution 0.970s
[INFO] [1788593510.510730269] [mtc_motion_planner]: Plan PASS: VALIDATED, compute 1.269s, execution 1.009s
[INFO] [1788593524.597653228] [mtc_motion_planner]: Plan PASS: VALIDATED, compute 2.178s, execution 1.332s
[INFO] [1788593543.604254891] [mtc_motion_planner]: Plan PASS: VALIDATED, compute 0.876s, execution 1.010s
[INFO] [1788593565.248776587] [mtc_motion_planner]: Plan PASS: VALIDATED, compute 0.848s, execution 1.012s
[INFO] [1788593613.454200773] [mtc_motion_planner]: Plan PASS: VALIDATED, compute 1.553s, execution 1.170s
[INFO] [1788593627.698624668] [mtc_motion_planner]: Plan PASS: VALIDATED, compute 0.798s, execution 0.980s
[INFO] [1788593651.139102050] [mtc_motion_planner]: Plan PASS: VALIDATED, compute 1.794s, execution 1.018s
[INFO] [1788593665.587535678] [mtc_motion_planner]: Plan PASS: VALIDATED, compute 2.237s, execution 1.243s
[INFO] [1788593682.288508932] [mtc_motion_planner]: Plan PASS: VALIDATED, compute 0.989s, execution 1.059s
[INFO] [1788593704.829819923] [mtc_motion_planner]: Plan PASS: VALIDATED, compute 0.846s, execution 1.059s
[INFO] [1788593759.095134592] [mtc_motion_planner]: Plan PASS: VALIDATED, compute 0.579s, execution 0.543s
[INFO] [1788593759.876449485] [mtc_motion_planner]: Plan FAIL: NO_VALID_IK_SOLUTION, compute 0.676s, execution 0.000s
[INFO] [1788593759.966978632] [mtc_motion_planner]: Plan FAIL: Invalid target quaternion, compute 0.088s, execution 0.000s
[INFO] [1788593760.059541541] [mtc_motion_planner]: Plan FAIL: Target frame must be world or base_link, compute 0.090s, execution 0.000s
[INFO] [1788593760.151108793] [mtc_motion_planner]: Plan FAIL: START_JOINT_LIMIT, compute 0.089s, execution 0.000s
[INFO] [1788593760.265197969] [mtc_motion_planner]: Plan FAIL: START_COLLISION foreArm_Link / table, compute 0.089s, execution 0.000s
[INFO] [1788593760.564182913] [rclcpp]: signal_handler(SIGINT/SIGTERM)
