[INFO] [1788593320.975166442] [robot_state_publisher]: got segment base_link
[INFO] [1788593320.975294265] [robot_state_publisher]: got segment camera_accel_frame
[INFO] [1788593320.975302946] [robot_state_publisher]: got segment camera_accel_optical_frame
[INFO] [1788593320.975308554] [robot_state_publisher]: got segment camera_bottom_screw_frame
[INFO] [1788593320.975313064] [robot_state_publisher]: got segment camera_color_frame
[INFO] [1788593320.975317387] [robot_state_publisher]: got segment camera_color_optical_frame
[INFO] [1788593320.975321777] [robot_state_publisher]: got segment camera_depth_frame
[INFO] [1788593320.975325821] [robot_state_publisher]: got segment camera_depth_optical_frame
[INFO] [1788593320.975330037] [robot_state_publisher]: got segment camera_gyro_frame
[INFO] [1788593320.975334283] [robot_state_publisher]: got segment camera_gyro_optical_frame
[INFO] [1788593320.975338533] [robot_state_publisher]: got segment camera_infra1_frame
[INFO] [1788593320.975360117] [robot_state_publisher]: got segment camera_infra1_optical_frame
[INFO] [1788593320.975365874] [robot_state_publisher]: got segment camera_infra2_frame
[INFO] [1788593320.975370493] [robot_state_publisher]: got segment camera_infra2_optical_frame
[INFO] [1788593320.975374896] [robot_state_publisher]: got segment camera_link
[INFO] [1788593320.975379524] [robot_state_publisher]: got segment foreArm_Link
[INFO] [1788593320.975383964] [robot_state_publisher]: got segment latch_left
[INFO] [1788593320.975388334] [robot_state_publisher]: got segment latch_mount
[INFO] [1788593320.975392294] [robot_state_publisher]: got segment latch_right
[INFO] [1788593320.975396256] [robot_state_publisher]: got segment shoulder_Link
[INFO] [1788593320.975400514] [robot_state_publisher]: got segment tcp
[INFO] [1788593320.975404760] [robot_state_publisher]: got segment upperArm_Link
[INFO] [1788593320.975408884] [robot_state_publisher]: got segment world
[INFO] [1788593320.975412922] [robot_state_publisher]: got segment wrist1_Link
[INFO] [1788593320.975417024] [robot_state_publisher]: got segment wrist2_Link
[INFO] [1788593320.975421070] [robot_state_publisher]: got segment wrist3_Link
[INFO] [1788593760.596049551] [rclcpp]: signal_handler(SIGINT/SIGTERM)
