[  0.000s] 等待仿真和规划服务
[  0.280s] 等待关节稳定，随后开始计时
[  0.910s] C：到达把手上方 · 规划
  VALIDATED; plan=1.534s, trajectory=1.225s, torque=0.315, selected=ruckig_direct
[  1.080s] C：到达把手上方 · 执行
[  2.418s] C：垂直接近把手 · 规划
  VALIDATED; plan=0.783s, trajectory=0.990s, torque=0.282, selected=quintic_bspline_16
[  2.492s] C：垂直接近把手 · 执行
[  3.600s] 闭合半圆锁扣
  Mechanical lock engaged at measured relative pose
[  4.407s] C：锁住后垂直抬升 · 规划
  VALIDATED; plan=1.399s, trajectory=1.028s, torque=0.319, selected=quintic_bspline_16
[  4.520s] C：锁住后垂直抬升 · 执行
[  5.700s] C：搬运至 P1 上方 · 规划
  VALIDATED; plan=1.882s, trajectory=1.172s, torque=0.321, selected=ruckig_direct
[  5.880s] C：搬运至 P1 上方 · 执行
[  7.180s] C：垂直放下 · 规划
  VALIDATED; plan=0.936s, trajectory=1.026s, torque=0.318, selected=quintic_bspline_16
[  7.280s] C：垂直放下 · 执行
  Lock released; object remains under gravity and contact dynamics
[  8.472s] 打开半圆锁扣
[  9.226s] C：打开后垂直脱离 · 规划
  VALIDATED; plan=0.823s, trajectory=1.027s, torque=0.282, selected=quintic_bspline_16
[  9.300s] C：打开后垂直脱离 · 执行
[ 10.440s] C：释放后稳定观察 3 秒
  placement {"object": "battery_C", "target": "P1_inner", "requested_xyz": [0.363941655, -0.041609573, 0.65], "actual_xyz": [0.36394508790446134, -0.0415921866334712, 0.6499998189724201], "xy_error_m": 1.7722036398632247e-05, "drift_over_3s_m": 0.0, "upright_cosine": 0.9999999999985815, "success": true}
[ 13.440s] A：到达把手上方 · 规划
  VALIDATED; plan=1.173s, trajectory=0.986s, torque=0.313, selected=ruckig_direct
[ 13.520s] A：到达把手上方 · 执行
[ 14.613s] A：垂直接近把手 · 规划
  VALIDATED; plan=0.752s, trajectory=0.970s, torque=0.305, selected=quintic_bspline_16
[ 14.680s] A：垂直接近把手 · 执行
[ 15.779s] 闭合半圆锁扣
  Mechanical lock engaged at measured relative pose
[ 16.588s] A：锁住后垂直抬升 · 规划
  VALIDATED; plan=1.269s, trajectory=1.009s, torque=0.340, selected=quintic_bspline_16
[ 16.700s] A：锁住后垂直抬升 · 执行
[ 17.827s] A：搬运至 P2 上方 · 规划
  VALIDATED; plan=2.178s, trajectory=1.332s, torque=0.329, selected=ruckig_direct
[ 18.040s] A：搬运至 P2 上方 · 执行
[ 19.500s] A：垂直放下 · 规划
  VALIDATED; plan=0.876s, trajectory=1.010s, torque=0.333, selected=quintic_bspline_16
[ 19.588s] A：垂直放下 · 执行
  Lock released; object remains under gravity and contact dynamics
[ 20.772s] 打开半圆锁扣
[ 21.524s] A：打开后垂直脱离 · 规划
  VALIDATED; plan=0.848s, trajectory=1.012s, torque=0.298, selected=quintic_bspline_16
[ 21.640s] A：打开后垂直脱离 · 执行
[ 22.765s] A：释放后稳定观察 3 秒
  placement {"object": "battery_A", "target": "P2_inner", "requested_xyz": [0.363941655, -0.216609571, 0.65], "actual_xyz": [0.3639515959538547, -0.21661112307852798, 0.6499998736366486], "xy_error_m": 1.006138714583401e-05, "drift_over_3s_m": 0.0, "upright_cosine": 0.9999999999993257, "success": true}
[ 25.766s] B：到达把手上方 · 规划
  VALIDATED; plan=1.553s, trajectory=1.170s, torque=0.290, selected=ruckig_direct
[ 25.920s] B：到达把手上方 · 执行
[ 27.200s] B：垂直接近把手 · 规划
  VALIDATED; plan=0.798s, trajectory=0.980s, torque=0.282, selected=quintic_bspline_16
[ 27.277s] B：垂直接近把手 · 执行
[ 28.374s] 闭合半圆锁扣
  Mechanical lock engaged at measured relative pose
[ 29.183s] B：锁住后垂直抬升 · 规划
  VALIDATED; plan=1.794s, trajectory=1.018s, torque=0.319, selected=quintic_bspline_16
[ 29.348s] B：锁住后垂直抬升 · 执行
[ 30.488s] B：搬运至 P3 上方 · 规划
  VALIDATED; plan=2.237s, trajectory=1.243s, torque=0.331, selected=ruckig_direct
[ 30.700s] B：搬运至 P3 上方 · 执行
[ 32.074s] B：垂直放下 · 规划
  VALIDATED; plan=0.989s, trajectory=1.059s, torque=0.322, selected=quintic_bspline_10
[ 32.160s] B：垂直放下 · 执行
  Lock released; object remains under gravity and contact dynamics
[ 33.404s] 打开半圆锁扣
[ 34.166s] B：打开后垂直脱离 · 规划
  VALIDATED; plan=0.846s, trajectory=1.059s, torque=0.285, selected=quintic_bspline_10
[ 34.252s] B：打开后垂直脱离 · 执行
[ 35.454s] B：释放后稳定观察 3 秒
  placement {"object": "battery_B", "target": "P3_inner", "requested_xyz": [0.188941633, -0.216609571, 0.65], "actual_xyz": [0.18897241177261978, -0.21664246424504277, 0.6499997879167818], "xy_error_m": 4.504773483122096e-05, "drift_over_3s_m": 0.0, "upright_cosine": 0.9999999999981557, "success": true}
[ 38.454s] 演示完成 · 所有放置通过检查
RESULT: /home/chang/meituan_challenge/data/runs/sequence_demo/summary.json
