[INFO] [1788593782.002598445] [mtc_simulation_ground_truth]: Ground truth and position-gated split latch enabled; no pose teleportation
[1;32m[Msg] [0m[1;32mGazebo Sim Server v[0m[1;32m8.12.0[0m[1;32m[0m
[1;32m[Msg] [0m[1;32mLoading SDF world file[[0m[1;32m/home/chang/meituan_challenge/src/mtc_simulation/worlds/basic.sdf[0m[1;32m].[0m
[1;32m[Msg] [0m[1;32mServing entity system service on [[0m[1;32m/[0m[1;32mentity/system/add[0m[1;32m][0m[1;32m[0m
[1;32m[Msg] [0m[1;32mCreate[0m[1;32m service on [[0m[1;32m/world/mtc/create_multiple[0m[1;32m] (async)[0m[1;32m[0m
[1;32m[Msg] [0m[1;32mCreate[0m[1;32m service on [[0m[1;32m/world/mtc/create_multiple/blocking[0m[1;32m] (blocking)[0m[1;32m[0m
[1;32m[Msg] [0m[1;32mRemove[0m[1;32m service on [[0m[1;32m/world/mtc/remove[0m[1;32m] (async)[0m[1;32m[0m
[1;32m[Msg] [0m[1;32mRemove[0m[1;32m service on [[0m[1;32m/world/mtc/remove/blocking[0m[1;32m] (blocking)[0m[1;32m[0m
[1;32m[Msg] [0m[1;32mPose[0m[1;32m service on [[0m[1;32m/world/mtc/set_pose[0m[1;32m] (async)[0m[1;32m[0m
[1;32m[Msg] [0m[1;32mPose[0m[1;32m service on [[0m[1;32m/world/mtc/set_pose/blocking[0m[1;32m] (blocking)[0m[1;32m[0m
[1;32m[Msg] [0m[1;32mPose[0m[1;32m service on [[0m[1;32m/world/mtc/set_pose_vector[0m[1;32m] (async)[0m[1;32m[0m
[1;32m[Msg] [0m[1;32mPose[0m[1;32m service on [[0m[1;32m/world/mtc/set_pose_vector/blocking[0m[1;32m] (blocking)[0m[1;32m[0m
[1;32m[Msg] [0m[1;32mLight configuration[0m[1;32m service on [[0m[1;32m/world/mtc/light_config[0m[1;32m] (async)[0m[1;32m[0m
[1;32m[Msg] [0m[1;32mLight configuration[0m[1;32m service on [[0m[1;32m/world/mtc/light_config/blocking[0m[1;32m] (blocking)[0m[1;32m[0m
[1;32m[Msg] [0m[1;32mPhysics[0m[1;32m service on [[0m[1;32m/world/mtc/set_physics[0m[1;32m] (async)[0m[1;32m[0m
[1;32m[Msg] [0m[1;32mPhysics[0m[1;32m service on [[0m[1;32m/world/mtc/set_physics/blocking[0m[1;32m] (blocking)[0m[1;32m[0m
[1;32m[Msg] [0m[1;32mSphericalCoordinates[0m[1;32m service on [[0m[1;32m/world/mtc/set_spherical_coordinates[0m[1;32m] (async)[0m[1;32m[0m
[1;32m[Msg] [0m[1;32mSphericalCoordinates[0m[1;32m service on [[0m[1;32m/world/mtc/set_spherical_coordinates/blocking[0m[1;32m] (blocking)[0m[1;32m[0m
[1;32m[Msg] [0m[1;32mEnable collision[0m[1;32m service on [[0m[1;32m/world/mtc/enable_collision[0m[1;32m] (async)[0m[1;32m[0m
[1;32m[Msg] [0m[1;32mEnable collision[0m[1;32m service on [[0m[1;32m/world/mtc/enable_collision/blocking[0m[1;32m] (blocking)[0m[1;32m[0m
[1;32m[Msg] [0m[1;32mDisable collision[0m[1;32m service on [[0m[1;32m/world/mtc/disable_collision[0m[1;32m] (async)[0m[1;32m[0m
[1;32m[Msg] [0m[1;32mDisable collision[0m[1;32m service on [[0m[1;32m/world/mtc/disable_collision/blocking[0m[1;32m] (blocking)[0m[1;32m[0m
[1;32m[Msg] [0m[1;32mMaterial[0m[1;32m service on [[0m[1;32m/world/mtc/visual_config[0m[1;32m] (async)[0m[1;32m[0m
[1;32m[Msg] [0m[1;32mMaterial[0m[1;32m service on [[0m[1;32m/world/mtc/visual_config/blocking[0m[1;32m] (blocking)[0m[1;32m[0m
[1;32m[Msg] [0m[1;32mMaterial[0m[1;32m service on [[0m[1;32m/world/mtc/wheel_slip[0m[1;32m] (async)[0m[1;32m[0m
[1;32m[Msg] [0m[1;32mMaterial[0m[1;32m service on [[0m[1;32m/world/mtc/wheel_slip/blocking[0m[1;32m] (blocking)[0m[1;32m[0m
[1;32m[Msg] [0m[1;32mLoaded level [[0m[1;32mdefault[0m[1;32m][0m[1;32m[0m
[1;32m[Msg] [0m[1;32mServing world controls on [[0m[1;32m/world/mtc[0m[1;32m/control], [[0m[1;32m/world/mtc[0m[1;32m/control/state] and [[0m[1;32m/world/mtc[0m[1;32m/playback/control][0m[1;32m[0m
[1;32m[Msg] [0m[1;32mServing GUI information on [[0m[1;32m/world/mtc[0m[1;32m/[0m[1;32mgui/info[0m[1;32m][0m[1;32m[0m
[1;32m[Msg] [0m[1;32mWorld [[0m[1;32mmtc[0m[1;32m] initialized with [[0m[1;32m1ms[0m[1;32m] physics profile.[0m[1;32m[0m
[1;32m[Msg] [0m[1;32mServing world SDF generation service on [[0m[1;32m/world/mtc[0m[1;32m/[0m[1;32mgenerate_world_sdf[0m[1;32m][0m[1;32m[0m
[1;32m[Msg] [0m[1;32mServing world names on [[0m[1;32m/gazebo/worlds[0m[1;32m][0m[1;32m[0m
[1;32m[Msg] [0m[1;32mResource path add service on [[0m[1;32m/gazebo/resource_paths/add[0m[1;32m].[0m[1;32m[0m
[1;32m[Msg] [0m[1;32mResource path get service on [[0m[1;32m/gazebo/resource_paths/get[0m[1;32m].[0m[1;32m[0m
[1;32m[Msg] [0m[1;32mResource path resolve service on [[0m[1;32m/gazebo/resource_paths/resolve[0m[1;32m].[0m[1;32m[0m
[1;32m[Msg] [0m[1;32mResource paths published on [[0m[1;32m/gazebo/resource_paths[0m[1;32m].[0m[1;32m[0m
[1;32m[Msg] [0m[1;32mServer control service on [[0m[1;32m/server_control[0m[1;32m].[0m[1;32m[0m
[1;32m[Msg] [0m[1;32mFound no publishers on /stats, adding root stats topic[0m[1;32m[0m
[1;32m[Msg] [0m[1;32mFound no publishers on /clock, adding root clock topic[0m[1;32m[0m
[1;33mWarning [Utils.cc:132][0m [/sdf/model[@name="mtc_s3"]/link[@name="wrist3_Link"]/sensor[@name="wrist_rgbd"]/gz_frame_id:/home/chang/meituan_challenge/src/mtc_description/urdf/s3_latch_resolved.urdf:L0]: XML Element[gz_frame_id], child of element[sensor], not defined in SDF. Copying[gz_frame_id] as children of [sensor].
[1;33mWarning [Utils.cc:132][0m [/sdf/model[@name="mtc_s3"]/link[@name="wrist3_Link"]/sensor[@name="wrist_imu"]/gz_frame_id:/home/chang/meituan_challenge/src/mtc_description/urdf/s3_latch_resolved.urdf:L0]: XML Element[gz_frame_id], child of element[sensor], not defined in SDF. Copying[gz_frame_id] as children of [sensor].
[INFO] [1788593783.740170773] [GazeboSimROS2ControlPlugin]: robot_param_node is robot_state_publisher
[INFO] [1788593783.740210138] [GazeboSimROS2ControlPlugin]: robot_param_node is robot_description
[INFO] [1788593783.745067652] [gz_ros2_control]: connected to service!! robot_state_publisher asking for robot_description
[INFO] [1788593783.946483503] [gz_ros2_control]: Received URDF from param server
[INFO] [1788593783.947749610] [gz_ros2_control]: [gz_ros2_control] Fixed joint ['world_joint'] (Entity='129') is skipped.
[INFO] [1788593783.947787341] [gz_ros2_control]: [gz_ros2_control] Fixed joint ['tcp_joint'] (Entity='138') is skipped.
[INFO] [1788593783.951333265] [gz_ros2_control]: The position_proportional_gain has been set to: 0.1
[INFO] [1788593783.951402178] [gz_ros2_control]: Loading joint: shoulder_joint
[INFO] [1788593783.951416529] [gz_ros2_control]: 	State:
[INFO] [1788593783.951422823] [gz_ros2_control]: 		 position
[INFO] [1788593783.951433845] [gz_ros2_control]: 			 found initial value: 0.000000
[INFO] [1788593783.951482581] [gz_ros2_control]: 		 velocity
[INFO] [1788593783.951494527] [gz_ros2_control]: 		 effort
[INFO] [1788593783.951503896] [gz_ros2_control]: 	Command:
[INFO] [1788593783.951514243] [gz_ros2_control]: 		 effort
[INFO] [1788593783.951545873] [gz_ros2_control]: Loading joint: upperArm_joint
[INFO] [1788593783.951552639] [gz_ros2_control]: 	State:
[INFO] [1788593783.951558947] [gz_ros2_control]: 		 position
[INFO] [1788593783.951650051] [gz_ros2_control]: 			 found initial value: 0.350000
[INFO] [1788593783.951680733] [gz_ros2_control]: 		 velocity
[INFO] [1788593783.951687856] [gz_ros2_control]: 		 effort
[INFO] [1788593783.951693310] [gz_ros2_control]: 	Command:
[INFO] [1788593783.951698222] [gz_ros2_control]: 		 effort
[INFO] [1788593783.951730759] [gz_ros2_control]: Loading joint: foreArm_joint
[INFO] [1788593783.951737838] [gz_ros2_control]: 	State:
[INFO] [1788593783.951743249] [gz_ros2_control]: 		 position
[INFO] [1788593783.951748374] [gz_ros2_control]: 			 found initial value: 1.300000
[INFO] [1788593783.951776200] [gz_ros2_control]: 		 velocity
[INFO] [1788593783.951783758] [gz_ros2_control]: 		 effort
[INFO] [1788593783.951790124] [gz_ros2_control]: 	Command:
[INFO] [1788593783.951810925] [gz_ros2_control]: 		 effort
[INFO] [1788593783.951826046] [gz_ros2_control]: Loading joint: wrist1_joint
[INFO] [1788593783.951833468] [gz_ros2_control]: 	State:
[INFO] [1788593783.951838980] [gz_ros2_control]: 		 position
[INFO] [1788593783.951853657] [gz_ros2_control]: 			 found initial value: -0.350000
[INFO] [1788593783.951861250] [gz_ros2_control]: 		 velocity
[INFO] [1788593783.951866260] [gz_ros2_control]: 		 effort
[INFO] [1788593783.951871021] [gz_ros2_control]: 	Command:
[INFO] [1788593783.951875464] [gz_ros2_control]: 		 effort
[INFO] [1788593783.951884145] [gz_ros2_control]: Loading joint: wrist2_joint
[INFO] [1788593783.951889284] [gz_ros2_control]: 	State:
[INFO] [1788593783.951893934] [gz_ros2_control]: 		 position
[INFO] [1788593783.951898593] [gz_ros2_control]: 			 found initial value: 1.570000
[INFO] [1788593783.951903987] [gz_ros2_control]: 		 velocity
[INFO] [1788593783.951908754] [gz_ros2_control]: 		 effort
[INFO] [1788593783.951913289] [gz_ros2_control]: 	Command:
[INFO] [1788593783.951917883] [gz_ros2_control]: 		 effort
[INFO] [1788593783.951926447] [gz_ros2_control]: Loading joint: wrist3_joint
[INFO] [1788593783.951931754] [gz_ros2_control]: 	State:
[INFO] [1788593783.951936627] [gz_ros2_control]: 		 position
[INFO] [1788593783.951941218] [gz_ros2_control]: 			 found initial value: 0.000000
[INFO] [1788593783.951946376] [gz_ros2_control]: 		 velocity
[INFO] [1788593783.951951884] [gz_ros2_control]: 		 effort
[INFO] [1788593783.951956933] [gz_ros2_control]: 	Command:
[INFO] [1788593783.951961591] [gz_ros2_control]: 		 effort
[INFO] [1788593783.951970229] [gz_ros2_control]: Loading joint: latch_left_joint
[INFO] [1788593783.951975498] [gz_ros2_control]: 	State:
[INFO] [1788593783.951994635] [gz_ros2_control]: 		 position
[INFO] [1788593783.951999985] [gz_ros2_control]: 			 found initial value: 0.022000
[INFO] [1788593783.952005603] [gz_ros2_control]: 		 velocity
[INFO] [1788593783.952010351] [gz_ros2_control]: 		 effort
[INFO] [1788593783.952014987] [gz_ros2_control]: 	Command:
[INFO] [1788593783.952019602] [gz_ros2_control]: 		 position
[INFO] [1788593783.952028185] [gz_ros2_control]: Loading joint: latch_right_joint
[INFO] [1788593783.952033471] [gz_ros2_control]: 	State:
[INFO] [1788593783.952038285] [gz_ros2_control]: 		 position
[INFO] [1788593783.952042835] [gz_ros2_control]: 			 found initial value: 0.022000
[INFO] [1788593783.952048998] [gz_ros2_control]: 		 velocity
[INFO] [1788593783.952053848] [gz_ros2_control]: 		 effort
[INFO] [1788593783.952058515] [gz_ros2_control]: 	Command:
[INFO] [1788593783.952066313] [gz_ros2_control]: 		 position
[INFO] [1788593783.952153909] [gz_ros2_control]: Loading sensor: wrist_imu
[INFO] [1788593783.952160708] [gz_ros2_control]: 	State:
[WARN] [1788593783.952168292] [gz_ros2_control]: IMU sensor 'wrist_imu' not found in hardware_info, skipping.
[INFO] [1788593783.952205273] [resource_manager]: Initialize hardware 'S3GazeboSystem' 
[INFO] [1788593783.952258647] [resource_manager]: Successful initialization of hardware 'S3GazeboSystem'
[INFO] [1788593783.952296933] [resource_manager]: 'configure' hardware 'S3GazeboSystem' 
[INFO] [1788593783.952300903] [gz_ros2_control]: System Successfully configured!
[INFO] [1788593783.952309632] [resource_manager]: Successful 'configure' of hardware 'S3GazeboSystem'
[INFO] [1788593783.952316619] [resource_manager]: 'activate' hardware 'S3GazeboSystem' 
[INFO] [1788593783.952323021] [resource_manager]: Successful 'activate' of hardware 'S3GazeboSystem'
[INFO] [1788593783.952328282] [gz_ros2_control]: Loading controller_manager
[WARN] [1788593783.992019610] [gz_ros2_control]:  Desired controller update period (0.002 s) is slower than the gazebo simulation period (0.001 s).
[INFO] [1788593784.170725339] [controller_manager]: Loading controller 'joint_state_broadcaster'
[INFO] [1788593784.180423287] [controller_manager]: Configuring controller 'joint_state_broadcaster'
[INFO] [1788593784.180549476] [joint_state_broadcaster]: 'joints' or 'interfaces' parameter is empty. All available state interfaces will be published
[1;33m[Wrn] [Ogre2Camera.cc:423] [0m[1;33mOgre2Camera::SetVisibilityMask: Mask bits [0m[1;33mc0000000[0m[1;33m are set but will be ignored as they conflict with the [0m[1;33mreserved bits used internally by the ogre2 backend.[0m[1;33m[0m
[INFO] [1788593786.455547998] [controller_manager]: Loading controller 'arm_controller'
[WARN] [1788593786.465479805] [arm_controller]: [Deprecated]: "allow_nonzero_velocity_at_trajectory_end" is set to true. The default behavior will change to false.
[INFO] [1788593786.473274771] [controller_manager]: Configuring controller 'arm_controller'
[INFO] [1788593786.473431621] [arm_controller]: No specific joint names are used for command interfaces. Using 'joints' parameter.
[WARN] [1788593786.473501237] [arm_controller]: 'ff_velocity_scale' parameters is not defined under 'gains.<joint_name>.' structure. Maybe you are using deprecated format 'ff_velocity_scale/<joint_name>'!
[WARN] [1788593786.473614170] [arm_controller]: 'ff_velocity_scale' parameters is not defined under 'gains.<joint_name>.' structure. Maybe you are using deprecated format 'ff_velocity_scale/<joint_name>'!
[WARN] [1788593786.473700398] [arm_controller]: 'ff_velocity_scale' parameters is not defined under 'gains.<joint_name>.' structure. Maybe you are using deprecated format 'ff_velocity_scale/<joint_name>'!
[WARN] [1788593786.473760665] [arm_controller]: 'ff_velocity_scale' parameters is not defined under 'gains.<joint_name>.' structure. Maybe you are using deprecated format 'ff_velocity_scale/<joint_name>'!
[WARN] [1788593786.473817928] [arm_controller]: 'ff_velocity_scale' parameters is not defined under 'gains.<joint_name>.' structure. Maybe you are using deprecated format 'ff_velocity_scale/<joint_name>'!
[WARN] [1788593786.473941608] [arm_controller]: 'ff_velocity_scale' parameters is not defined under 'gains.<joint_name>.' structure. Maybe you are using deprecated format 'ff_velocity_scale/<joint_name>'!
[INFO] [1788593786.474028148] [arm_controller]: Command interfaces are [effort] and state interfaces are [position velocity].
[INFO] [1788593786.474069459] [arm_controller]: Using 'splines' interpolation method.
[INFO] [1788593786.474592407] [arm_controller]: Controller state will be published at 100.00 Hz.
[INFO] [1788593786.476404807] [arm_controller]: Action status changes will be monitored at 25.00 Hz.
[INFO] [1788593786.656463501] [controller_manager]: Loading controller 'latch_controller'
[WARN] [1788593786.661351771] [latch_controller]: [Deprecated]: "allow_nonzero_velocity_at_trajectory_end" is set to true. The default behavior will change to false.
[INFO] [1788593786.669154205] [controller_manager]: Configuring controller 'latch_controller'
[INFO] [1788593786.669257465] [latch_controller]: No specific joint names are used for command interfaces. Using 'joints' parameter.
[INFO] [1788593786.669273475] [latch_controller]: Command interfaces are [position] and state interfaces are [position velocity].
[INFO] [1788593786.669283004] [latch_controller]: Using 'splines' interpolation method.
[INFO] [1788593786.669573385] [latch_controller]: Controller state will be published at 50.00 Hz.
[INFO] [1788593786.671175591] [latch_controller]: Action status changes will be monitored at 20.00 Hz.
[1;32m[Msg] [0m[1;32mLoading plugin [[0m[1;32mgz-rendering-ogre2[0m[1;32m][0m[1;32m[0m
[1;32m[Msg] [0m[1;32mServing scene information on [[0m[1;32m/world/mtc[0m[1;32m/[0m[1;32mscene/info[0m[1;32m][0m[1;32m[0m
[1;32m[Msg] [0m[1;32mServing graph information on [[0m[1;32m/world/mtc[0m[1;32m/[0m[1;32mscene/graph[0m[1;32m][0m[1;32m[0m
[1;32m[Msg] [0m[1;32mServing full state on [[0m[1;32m/world/mtc[0m[1;32m/[0m[1;32mstate[0m[1;32m][0m[1;32m[0m
[1;32m[Msg] [0m[1;32mServing full state (async) on [[0m[1;32m/world/mtc[0m[1;32m/[0m[1;32mstate_async[0m[1;32m][0m[1;32m[0m
[1;32m[Msg] [0m[1;32mPublishing scene information on [[0m[1;32m/world/mtc/scene/info[0m[1;32m][0m[1;32m[0m
[1;32m[Msg] [0m[1;32mPublishing entity deletions on [[0m[1;32m/world/mtc/scene/deletion[0m[1;32m][0m[1;32m[0m
[1;32m[Msg] [0m[1;32mPublishing state changes on [[0m[1;32m/world/mtc/state[0m[1;32m][0m[1;32m[0m
[1;32m[Msg] [0m[1;32mPublishing pose messages on [[0m[1;32m/world/mtc[0m[1;32m/[0m[1;32mpose/info[0m[1;32m][0m[1;32m[0m
[1;32m[Msg] [0m[1;32mPublishing dynamic pose messages on [[0m[1;32m/world/mtc[0m[1;32m/[0m[1;32mdynamic_pose/info[0m[1;32m][0m[1;32m[0m
[INFO] [1788593797.459283049] [arm_controller]: Received new action goal
[INFO] [1788593797.459405699] [arm_controller]: Accepted new action goal
[INFO] [1788593811.173640863] [arm_controller]: Goal reached, success!
[INFO] [1788593813.221192205] [arm_controller]: Received new action goal
[INFO] [1788593813.221286131] [arm_controller]: Accepted new action goal
[INFO] [1788593823.870496178] [arm_controller]: Goal reached, success!
[INFO] [1788593824.818847695] [latch_controller]: Received new action goal
[INFO] [1788593824.818920796] [latch_controller]: Accepted new action goal
[INFO] [1788593830.956484847] [latch_controller]: Goal reached, success!
[INFO] [1788593832.687615421] [mtc_simulation_ground_truth]: Mechanical lock engaged at measured relative pose
[INFO] [1788593834.654070403] [arm_controller]: Received new action goal
[INFO] [1788593834.654175202] [arm_controller]: Accepted new action goal
[INFO] [1788593846.982122897] [arm_controller]: Goal reached, success!
[INFO] [1788593870.895872929] [arm_controller]: Received new action goal
[INFO] [1788593870.895988156] [arm_controller]: Accepted new action goal
[INFO] [1788593885.115683596] [arm_controller]: Goal reached, success!
[INFO] [1788593887.338218559] [arm_controller]: Received new action goal
[INFO] [1788593887.338328041] [arm_controller]: Accepted new action goal
[INFO] [1788593898.279113383] [arm_controller]: Goal reached, success!
[INFO] [1788593899.476936527] [mtc_simulation_ground_truth]: Lock released; object remains under gravity and contact dynamics
[INFO] [1788593899.823408172] [latch_controller]: Received new action goal
[INFO] [1788593899.823460570] [latch_controller]: Accepted new action goal
[INFO] [1788593906.170352806] [latch_controller]: Goal reached, success!
[INFO] [1788593910.301480472] [arm_controller]: Received new action goal
[INFO] [1788593910.301568231] [arm_controller]: Accepted new action goal
[INFO] [1788593921.423903994] [arm_controller]: Goal reached, success!
[WARN] [1788593962.996997643] [mtc_simulation_ground_truth]: Close both latch halves before engagement
