[  0.000s] 等待仿真和规划服务
[  0.000s] 等待关节稳定，随后开始计时
[  0.910s] C：到达把手上方 · 规划
  VALIDATED; plan=1.613s, trajectory=1.201s, torque=0.309, selected=ruckig_direct
[  1.080s] C：到达把手上方 · 执行
[  2.390s] C：垂直接近把手 · 规划
  VALIDATED; plan=0.808s, trajectory=1.002s, torque=0.282, selected=quintic_bspline_16
[  2.459s] C：垂直接近把手 · 执行
[  3.581s] 闭合半圆锁扣
  Mechanical lock engaged at measured relative pose
[  4.390s] C：锁住后垂直抬升 · 规划
  VALIDATED; plan=1.408s, trajectory=1.038s, torque=0.319, selected=quintic_bspline_16
[  4.520s] C：锁住后垂直抬升 · 执行
[  5.674s] 保持举起 2 秒
[  7.674s] C：搬运至 T0 上方 · 规划
  VALIDATED; plan=1.906s, trajectory=1.173s, torque=0.323, selected=ruckig_direct
[  7.840s] C：搬运至 T0 上方 · 执行
[  9.167s] C：垂直放下 · 规划
  VALIDATED; plan=0.893s, trajectory=1.045s, torque=0.318, selected=quintic_bspline_10
[  9.280s] C：垂直放下 · 执行
  Lock released; object remains under gravity and contact dynamics
[ 10.496s] 打开半圆锁扣
[ 11.251s] C：打开后垂直脱离 · 规划
  VALIDATED; plan=0.814s, trajectory=1.045s, torque=0.282, selected=quintic_bspline_10
[ 11.327s] C：打开后垂直脱离 · 执行
[ 12.522s] C：释放后稳定观察 3 秒
  placement {"object": "battery_C", "target": "T0", "requested_xyz": [0.299848413, -0.115038402, 0.65], "actual_xyz": [0.2998508377517589, -0.11502620535472254, 0.6499998541913934], "xy_error_m": 1.243533582645436e-05, "drift_over_3s_m": 0.0, "upright_cosine": 0.9999999999985754, "success": true}
[ 15.522s] 演示完成 · 所有放置通过检查
RESULT: /home/chang/meituan_challenge/data/runs/basic_demo_final/summary.json
